// Jest Snapshot v1, https://goo.gl/fbAQLP

exports[`App component Should render app with Error Message  1`] = `
<DocumentFragment>
  <div>
    My First React Page Component
  </div>
</DocumentFragment>
`;
